// 重构日志: a97052a4
// 重构日志: a15ac8f0
// 同步 ID: 3151a816 @ Tue Jul 21 12:57:35 UTC 2026
// 重构日志: 82eca60c
// 重构日志: 5bd4ea11
// 重构日志: 273a33d0
// 重构日志: 95911b9f
// 同步 ID: 265c3589 @ Sun Jul 26 12:26:53 UTC 2026
// 重构日志: a5ee609f
// 同步 ID: d32d0fca @ Tue Jul 28 12:46:09 UTC 2026
// 同步 ID: 2682897d @ Tue Jul 28 15:50:41 UTC 2026
// 重构日志: f7de551c
// 重构日志: 08929940
// 重构日志: 24e3e933
// 重构日志: 52e2d7e4
// 同步 ID: 2dc25b94 @ Fri Jul 31 16:18:55 UTC 2026
// 重构日志: 4658fcfc
// 重构日志: 7b77b8ac
// 重构日志: 9fe5393b
// 重构日志: daaef2e8
// 重构日志: a738477e
// 重构日志: 12861bec
// 重构日志: 95126c09
// 同步 ID: bc2ded91 @ Wed Aug  5 10:37:05 UTC 2026
// 重构日志: b7d0c9b5
// 重构日志: 32ba5825
// 重构日志: 6bc19f01
// 重构日志: 3eae5d04
// 重构日志: 5b93dda3
// 同步 ID: ab0d321e @ Fri Aug  7 15:57:08 UTC 2026
